YOLO mode is enabled. All tool calls will be automatically approved.
YOLO mode is enabled. All tool calls will be automatically approved.
Skill "skill-creator" from "/home/daniel-bo/.agents/skills/skill-creator/SKILL.md" is overriding the built-in skill.
I will start by reading the track's specification and plan to understand the exact scope of the visual refresh.
I will read the current `DESIGN.md` and `package.json` to understand the existing design guidelines and project dependencies.
I will search for React and Tailwind configuration files to clarify the project's current framework and determine the target for my modifications.
I will list the files in the root directory to get a better understanding of the project structure and identify any missing configuration files.
I will list the contents of the `src` directory to see if there are any React components or other relevant files.
I will list the contents of the `src/Design` directory to see if there are any design-related files or components.
I will search the entire codebase for any mentions of "React" or "Tailwind" to confirm if they are used in the project despite the presence of Elm files.
I will read `elm-land.json` to understand how Tailwind CSS is integrated and how to update its configuration.
I will read `src/Design/Tokens.elm` to understand how design tokens are defined in the Elm codebase.
I will run the design linter on the current `DESIGN.md` to understand the expected format and identify any existing issues.
I will read `src/Design/Button.elm` to understand how buttons are implemented and how they consume design tokens.
I will search for any `.css` files in the project to identify the global CSS file.
I will update `DESIGN.md` with the new "Orbital Editorial" visual identity, incorporating the Mastercard-inspired theme and design tokens.
I will run the design linter on the updated `DESIGN.md` to ensure it follows the required structure and contains all necessary design elements.
I will update `src/Design/Tokens.elm` with the new design tokens to ensure the Elm components reflect the "Orbital Editorial" theme.
I will update `elm-land.json` to include the new Google Fonts and configure Tailwind CSS with the new "Orbital Editorial" color palette and font families.
I will refactor `src/Design/Button.elm` to implement the new "Orbital Editorial" button styles, featuring pill shapes and the updated color palette.
I will read `src/Design/Card.elm` to understand its current implementation and prepare for refactoring it to match the new design.
I will refactor `src/Design/Card.elm` to implement the "Orbital Editorial" card style, featuring soft corners and subtle shadows, replacing the previous brutalist design.
I will read `src/Design/Alert.elm` to understand its current implementation and prepare for refactoring it to match the "Orbital Editorial" theme.
I will refactor `src/Design/Alert.elm` to implement the "Orbital Editorial" alert style, featuring pill shapes and the updated color palette, replacing the previous brutalist design.
I will read `src/Design/Header.elm` and `src/Design/Footer.elm` to understand their current implementations and prepare for refactoring them to match the new "Orbital Editorial" theme.
I will refactor `src/Design/Header.elm` to implement the "Orbital Editorial" header style, featuring the new editorial serif font, pill-shaped navigation items, and the updated color palette.
I will read `src/Design/Footer.elm` to understand its current implementation and prepare for refactoring it to match the "Orbital Editorial" theme.
I will refactor `src/Design/Footer.elm` to implement the "Orbital Editorial" footer style, featuring the updated color palette, editorial font, and removal of hard borders.
I will read `src/Design/Badge.elm` and `src/Design/Progress.elm` to understand their current implementations and prepare for refactoring them to match the "Orbital Editorial" theme.
I will refactor `src/Design/Badge.elm` to implement the "Orbital Editorial" badge style, featuring pill shapes and the updated color palette, replacing the previous brutalist design.
I will read `src/Design/Progress.elm` to understand its current implementation and prepare for refactoring it to match the "Orbital Editorial" theme.
I will refactor `src/Design/Progress.elm` to implement the "Orbital Editorial" progress bar style, featuring rounded bars and the updated color palette, replacing the previous brutalist design.
I will read `src/Design/Spinner.elm` to understand its current implementation and prepare for refactoring it to match the "Orbital Editorial" theme.
I will read `src/Design/Breadcrumb.elm` to understand its current implementation and prepare for refactoring it to match the "Orbital Editorial" theme.
I will refactor `src/Design/Breadcrumb.elm` to implement the "Orbital Editorial" breadcrumb style, featuring the updated color palette, Inter font, and softer separators.
I will read `src/Pages/Home_.elm` to understand its current structure and determine if any changes are needed to align with the "Orbital Editorial" theme.
I will refactor `src/Pages/Home_.elm` to align with the "Orbital Editorial" theme, removing brutalist elements like hard borders and excessive uppercase text, and ensuring the editorial serif is used for headings.
I will search for all Elm files in the `src/Pages` directory to identify any additional pages that require a visual refresh.
I will read `src/Pages/Curriculum.elm` to understand its current implementation and prepare for refactoring it to match the "Orbital Editorial" theme.
I will refactor `src/Pages/Curriculum.elm` to align with the "Orbital Editorial" theme, ensuring the editorial serif is used for headings and removing unnecessary uppercase text.
Error executing tool replace: Error: Failed to edit, could not find the string to replace.
I will read `src/Pages/Curriculum.elm` again to ensure I have the exact content for the search and replace operation.
I will perform two separate search and replace operations in `src/Pages/Curriculum.elm` to ensure the "Curriculum" page correctly reflects the "Orbital Editorial" theme.
I will now replace the `viewUnit` function in `src/Pages/Curriculum.elm` to apply the "Orbital Editorial" styling, including a hover effect and updated typography.
I will read `src/Pages/Curriculum/Unit_.elm` to understand its current implementation and prepare for refactoring it to match the "Orbital Editorial" theme.
I will read `src/Design/Container.elm`, `src/Design/Grid.elm`, and `src/Design/Stack.elm` to see if they can be used to refactor `Unit_.elm` and ensure design consistency.
I will refactor `src/Pages/Curriculum/Unit_.elm` to match the "Orbital Editorial" theme, replacing Tailwind's default colors and gradients with the project's custom "surface" and "primary" colors, and applying the new typography and rounding rules.
I will read `src/Pages/Curriculum/Unit_/Lesson_.elm` to see if it requires any final adjustments to align with the "Orbital Editorial" theme.
I will refactor `src/Pages/Curriculum/Unit_/Lesson_.elm` to align with the "Orbital Editorial" theme, ensuring consistency across all curriculum pages by using the custom color palette and typography.
I have successfully implemented the "Orbital Editorial" visual refresh, inspired by Mastercard's warm, interlocking aesthetic.

Here is a summary of the key improvements:
1.  **Established Visual Identity**: Updated `DESIGN.md` to define the "Orbital Editorial" theme, focusing on a warm cream canvas, editorial serif typography (Newsreader), and geometric "orbital" pill shapes.
2.  **Modernized Design Tokens**: Refreshed `src/Design/Tokens.elm` with a vibrant Mastercard-inspired palette (Red, Orange, Yellow) and luxurious spacing scales.
3.  **Configured Build Infrastructure**: Updated `elm-land.json` to integrate Google Fonts and a custom Tailwind CSS configuration that reflects the new identity.
4.  **Refactored Design System**: Completely overhauled core Elm components including `Button`, `Card`, `Alert`, `Header`, `Footer`, `Badge`, `Progress`, and `Breadcrumb` to remove the previous "Mathematical Brutalism" constraints in favor of pill shapes, soft corners, and elegant type.
5.  **Cohesive Page Layouts**: Updated `Home_`, `Curriculum`, `Unit_`, and `Lesson_` pages to adopt the new theme consistently across both inline-styled and Tailwind-styled sections.
6.  **Validation**: Verified that the new `DESIGN.md` complies with project standards using the design linter.

The interface now feels human, inviting, and academically authoritative, moving away from generic technical aesthetics towards a distinct, highly opinionated editorial feel.
