[0m
> build · glm-5.1
[0m
[0m→ [0mRead conductor/review-prompt.md
[0m
[0m# [0mTodos
[ ] Gather recent changes (git log, git diff, tracks, tech-debt)
[ ] Review changed code files for correctness, style, tests, security, perf
[ ] Run test suite
[ ] Run lint/typecheck
[ ] Fix up to 5-7 lint/style issues
[ ] Note architectural problems in tech-debt.md
[ ] Commit fixes and report
[0m
[0m→ [0mRead conductor/tracks.md
[0m→ [0mRead conductor/tech-debt.md
[0m
[0m$ [0mgit diff --name-only HEAD~20 HEAD 2>/dev/null || echo "Less than 20 commits"
conductor/lessons-learned.md
conductor/output.log
conductor/tech-debt.md
conductor/tracks/curriculum-data_20260403/plan.md
conductor/tracks/design-system_20260403/plan.md
src/Design/Alert.elm
src/Design/Badge.elm
src/Design/Button.elm
src/Design/Card.elm
src/Design/Container.elm
src/Design/Progress.elm
src/Design/Spinner.elm
src/Design/Tokens.elm
tests/Data/IntegratedMath3Test.elm
tests/Design/AlertTest.elm
tests/Design/BadgeTest.elm
tests/Design/ButtonTest.elm
tests/Design/CardTest.elm
tests/Design/ContainerTest.elm
tests/Design/ProgressTest.elm
tests/Design/SpinnerTest.elm
tests/Design/TokensTest.elm
[0m
[0m$ [0mgit log --since="24 hours ago" --oneline
b088ab1 checkpoint(MiniMax-M2.7): Design.Container done, next Task 9 Stack
523d9da chore: update lessons-learned with Container pattern
a8a589e feat(design-system): add Design.Container with width variants
d80924b feat(design-system): add Design.Spinner component with tests
a052112 chore: update tech-debt and lessons-learned
5069cbf conductor(plan): mark tasks 6 and 7 complete in design-system
0c893fc feat(design-system): add Design.Progress with label support
342d86b feat(design-system): add Design.Alert with info/success/warning/error types
5dd5175 feat(design-system): add Design.Badge with color variants
5c41c65 feat(design-system): add Design.Card with header/footer support
1c725ab feat(design-system): add Design.Button with variants, sizes, disabled state
e7b9aca checkpoint: autonomous run
27c068e checkpoint(MiniMax-M2.7): Phase 1 Design Tokens complete - Design.Tokens module with color/spacing/typography
dcc93ea chore: update tech-debt and lessons-learned
f019520 conductor(plan): Mark task 'Create Design Tokens Module' as complete
3c40416 feat(design-system): add Design.Tokens module with color, spacing, typography scales
27d87a6 chore: update output log
[0m
[0m# [0mTodos
[x] Gather recent changes (git log, git diff, tracks, tech-debt)
[ ] Review changed code files for correctness, style, tests, security, perf
[ ] Run test suite
[ ] Run lint/typecheck
[ ] Fix up to 5-7 lint/style issues
[ ] Note architectural problems in tech-debt.md
[ ] Commit fixes and report
[0m
Now let me read all the changed source files and their tests in parallel.
[0m→ [0mRead tests/Design/BadgeTest.elm
[0m→ [0mRead src/Design/Container.elm
[0m→ [0mRead src/Design/Tokens.elm
[0m→ [0mRead src/Design/Progress.elm
[0m→ [0mRead src/Design/Badge.elm
[0m→ [0mRead src/Design/Alert.elm
[0m→ [0mRead tests/Design/CardTest.elm
[0m→ [0mRead tests/Design/ButtonTest.elm
[0m→ [0mRead src/Design/Button.elm
[0m→ [0mRead tests/Design/TokensTest.elm
[0m→ [0mRead src/Design/Card.elm
[0m→ [0mRead tests/Design/AlertTest.elm
[0m→ [0mRead src/Design/Spinner.elm
[0m→ [0mRead tests/Design/SpinnerTest.elm
[0m→ [0mRead tests/Design/ContainerTest.elm
[0m→ [0mRead tests/Design/ProgressTest.elm
Let me now check the code style guides and run tests + lint.
[0m✱ [0mGlob "conductor/code_styleguides/**/*"[90m 4 matches[0m
[0m
[0m$ [0mnpx elm-test 2>&1 || true
CompilingCompiling > Starting tests

elm-test 0.19.1-revision17
--------------------------

Running 95 tests. To reproduce these results, run: elm-test --fuzz 100 --seed 287942394864950


TEST RUN PASSED

Duration: 351 ms
Passed:   95
Failed:   0
[0m
[0m$ [0mnpx elm-review 2>&1 || true
-- ELM-REVIEW ERROR ---------------------------------- src/Design/Alert.elm:1:53

(fix) NoUnused.Exports: Exposed function or value `info` is never used outside
this module

1| module Design.Alert exposing (AlertType(..), alert, info, success, warning, error)
                                                       ^^^^

This exposed element is never used. You may want to remove it to keep your
project clean, and maybe detect some unused code in your project.

────────────────────────────────────────────────────── src/Design/Alert.elm:1:59

(fix) NoUnused.Exports: Exposed function or value `success` is never used
outside this module

1| module Design.Alert exposing (AlertType(..), alert, info, success, warning, error)
                                                             ^^^^^^^

This exposed element is never used. You may want to remove it to keep your
project clean, and maybe detect some unused code in your project.

────────────────────────────────────────────────────── src/Design/Alert.elm:1:68

(fix) NoUnused.Exports: Exposed function or value `warning` is never used
outside this module

1| module Design.Alert exposing (AlertType(..), alert, info, success, warning, error)
                                                                      ^^^^^^^

This exposed element is never used. You may want to remove it to keep your
project clean, and maybe detect some unused code in your project.

────────────────────────────────────────────────────── src/Design/Alert.elm:1:77

(fix) NoUnused.Exports: Exposed function or value `error` is never used outside
this module

1| module Design.Alert exposing (AlertType(..), alert, info, success, warning, error)
                                                                               ^^^^^

This exposed element is never used. You may want to remove it to keep your
project clean, and maybe detect some unused code in your project.

src/Design/Alert.elm  ↑
====o======================================================================o====
↓  src/Design/Badge.elm


-- ELM-REVIEW ERROR ---------------------------------- src/Design/Badge.elm:1:44

(fix) NoUnused.Exports: Exposed function or value `default` is never used
outside this module

1| module Design.Badge exposing (Attr, badge, default, primary, secondary, success, warning, error)
                                              ^^^^^^^

This exposed element is never used. You may want to remove it to keep your
project clean, and maybe detect some unused code in your project.

src/Design/Badge.elm  ↑
====o======================================================================o====
↓  src/Design/Button.elm


-- ELM-REVIEW ERROR ---------------------------------- src/Design/Button.elm:3:7

(fix) NoUnused.Exports: The constructors for type `Size` are never used outside
this module

2|     ( Variant(..)
3|     , Size(..)
         ^^^^^^^^
4|     , Attr(..)

You should stop exposing the variants by removing the (..) at this location. You
can re-expose them if necessary later.

────────────────────────────────────────────────────── src/Design/Button.elm:4:7

(fix) NoUnused.Exports: The constructors for type `Attr` are never used outside
this module

3|     , Size(..)
4|     , Attr(..)
         ^^^^^^^^
5|     , button

You should stop exposing the variants by removing the (..) at this location. You
can re-expose them if necessary later.

────────────────────────────────────────────────────── src/Design/Button.elm:6:7

(fix) NoUnused.Exports: Exposed function or value `primary` is never used
outside this module

5|     , button
6|     , primary
         ^^^^^^^
7|     , secondary

This exposed element is never used. You may want to remove it to keep your
project clean, and maybe detect some unused code in your project.

────────────────────────────────────────────────────── src/Design/Button.elm:7:7

(fix) NoUnused.Exports: Exposed function or value `secondary` is never used
outside this module

6|     , primary
7|     , secondary
         ^^^^^^^^^
8|     , outline

This exposed element is never used. You may want to remove it to keep your
project clean, and maybe detect some unused code in your project.

────────────────────────────────────────────────────── src/Design/Button.elm:8:7

(fix) NoUnused.Exports: Exposed function or value `outline` is never used
outside this module

7|     , secondary
8|     , outline
          ^^^^^^^
9|     , ghost

This exposed element is never used. You may want to remove it to keep your
project clean, and maybe detect some unused code in your project.

────────────────────────────────────────────────────── src/Design/Button.elm:9:7

(fix) NoUnused.Exports: Exposed function or value `ghost` is never used outside
this module

 8|     , outline
 9|     , ghost
          ^^^^^
10|     , small

This exposed element is never used. You may want to remove it to keep your
project clean, and maybe detect some unused code in your project.

src/Design/Button.elm  ↑
====o======================================================================o====
↓  src/Design/Container.elm


-- ELM-REVIEW ERROR ------------------------------- src/Design/Container.elm:2:7

(fix) NoUnused.Exports: The constructors for type `Width` are never used outside
this module

1| module Design.Container exposing
2|     ( Width(..)
         ^^^^^^^^^
3|     , Attr(..)

You should stop exposing the variants by removing the (..) at this location. You
can re-expose them if necessary later.

─────────────────────────────────────────────────── src/Design/Container.elm:3:7

(fix) NoUnused.Exports: The constructors for type `Attr` are never used outside
this module

2|     ( Width(..)
3|     , Attr(..)
         ^^^^^^^^
4|     , container

You should stop exposing the variants by removing the (..) at this location. You
can re-expose them if necessary later.

src/Design/Container.elm  ↑
====o======================================================================o====
↓  src/Design/Spinner.elm


-- ELM-REVIEW ERROR -------------------------------- src/Design/Spinner.elm:74:9

(fix) NoUnused.Variables: `let in` variable `keyframesStyle` is not used

74|         keyframesStyle =
            ^^^^^^^^^^^^^^
75|             "@keyframes spin { from { transform: rotate(0deg); } to { transform: rotate(360deg); } }"

You should either use this value somewhere, or remove it at the location I
pointed at.

src/Design/Spinner.elm  ↑
====o======================================================================o====
↓  tests/Design/AlertTest.elm


-- ELM-REVIEW ERROR --------------------------- tests/Design/AlertTest.elm:15:21

(fix) NoUnused.Variables: `let in` variable `alert` is not used

14|                 let
15|                     alert =
                        ^^^^^
16|                         Alert.alert Alert.Info [] [ Html.text "Information message" ]

You should either use this value somewhere, or remove it at the location I
pointed at.

─────────────────────────────────────────────── tests/Design/AlertTest.elm:22:21

(fix) NoUnused.Variables: `let in` variable `alert` is not used

21|                 let
22|                     alert =
                        ^^^^^
23|                         Alert.alert Alert.Success [] [ Html.text "Success message" ]

You should either use this value somewhere, or remove it at the location I
pointed at.

─────────────────────────────────────────────── tests/Design/AlertTest.elm:29:21

(fix) NoUnused.Variables: `let in` variable `alert` is not used

28|                 let
29|                     alert =
                        ^^^^^
30|                         Alert.alert Alert.Warning [] [ Html.text "Warning message" ]

You should either use this value somewhere, or remove it at the location I
pointed at.

─────────────────────────────────────────────── tests/Design/AlertTest.elm:36:21

(fix) NoUnused.Variables: `let in` variable `alert` is not used

35|                 let
36|                     alert =
                        ^^^^^
37|                         Alert.alert Alert.Error [] [ Html.text "Error message" ]

You should either use this value somewhere, or remove it at the location I
pointed at.

tests/Design/AlertTest.elm  ↑
====o======================================================================o====
↓  tests/Design/BadgeTest.elm


-- ELM-REVIEW ERROR --------------------------- tests/Design/BadgeTest.elm:15:21

(fix) NoUnused.Variables: `let in` variable `badge` is not used

14|                 let
15|                     badge =
                        ^^^^^
16|                         Badge.badge [] [ Html.text "Default" ]

You should either use this value somewhere, or remove it at the location I
pointed at.

─────────────────────────────────────────────── tests/Design/BadgeTest.elm:22:21

(fix) NoUnused.Variables: `let in` variable `badge` is not used

21|                 let
22|                     badge =
                        ^^^^^
23|                         Badge.badge [ Badge.primary ] [ Html.text "Primary" ]

You should either use this value somewhere, or remove it at the location I
pointed at.

─────────────────────────────────────────────── tests/Design/BadgeTest.elm:29:21

(fix) NoUnused.Variables: `let in` variable `badge` is not used

28|                 let
29|                     badge =
                        ^^^^^
30|                         Badge.badge [ Badge.secondary ] [ Html.text "Secondary" ]

You should either use this value somewhere, or remove it at the location I
pointed at.

─────────────────────────────────────────────── tests/Design/BadgeTest.elm:36:21

(fix) NoUnused.Variables: `let in` variable `badge` is not used

35|                 let
36|                     badge =
                        ^^^^^
37|                         Badge.badge [ Badge.success ] [ Html.text "Success" ]

You should either use this value somewhere, or remove it at the location I
pointed at.

─────────────────────────────────────────────── tests/Design/BadgeTest.elm:43:21

(fix) NoUnused.Variables: `let in` variable `badge` is not used

42|                 let
43|                     badge =
                        ^^^^^
44|                         Badge.badge [ Badge.warning ] [ Html.text "Warning" ]

You should either use this value somewhere, or remove it at the location I
pointed at.

─────────────────────────────────────────────── tests/Design/BadgeTest.elm:50:21

(fix) NoUnused.Variables: `let in` variable `badge` is not used

49|                 let
50|                     badge =
                        ^^^^^
51|                         Badge.badge [ Badge.error ] [ Html.text "Error" ]

You should either use this value somewhere, or remove it at the location I
pointed at.

tests/Design/BadgeTest.elm  ↑
====o======================================================================o====
↓  tests/Design/ButtonTest.elm


-- ELM-REVIEW ERROR --------------------------- tests/Design/ButtonTest.elm:4:32

(fix) NoUnused.Variables: Imported type `ColorPalette` is not used

3| import Design.Button as Button
4| import Design.Tokens exposing (ColorPalette, colorPalette, spacing)
                                  ^^^^^^^^^^^^
5| import Expect

You should either use this value somewhere, or remove it at the location I
pointed at.

─────────────────────────────────────────────── tests/Design/ButtonTest.elm:4:46

(fix) NoUnused.Variables: Imported variable `colorPalette` is not used

3| import Design.Button as Button
4| import Design.Tokens exposing (ColorPalette, colorPalette, spacing)
                                                ^^^^^^^^^^^^
5| import Expect

You should either use this value somewhere, or remove it at the location I
pointed at.

─────────────────────────────────────────────── tests/Design/ButtonTest.elm:4:60

(fix) NoUnused.Variables: Imported variable `spacing` is not used

3| import Design.Button as Button
4| import Design.Tokens exposing (ColorPalette, colorPalette, spacing)
                                                              ^^^^^^^
5| import Expect

You should either use this value somewhere, or remove it at the location I
pointed at.

────────────────────────────────────────────── tests/Design/ButtonTest.elm:10:12

(fix) NoUnused.Variables: Type alias `Msg` is not used

10| type alias Msg =
               ^^^
11|     ()

You should either use this value somewhere, or remove it at the location I
pointed at.

────────────────────────────────────────────── tests/Design/ButtonTest.elm:21:25

(fix) NoUnused.Variables: `let in` variable `button` is not used

20|                     let
21|                         button =
                            ^^^^^^
22|                             Button.button Button.Primary [] [ Html.text "Click me" ]

You should either use this value somewhere, or remove it at the location I
pointed at.

────────────────────────────────────────────── tests/Design/ButtonTest.elm:28:25

(fix) NoUnused.Variables: `let in` variable `button` is not used

27|                     let
28|                         button =
                            ^^^^^^
29|                             Button.button Button.Secondary [] [ Html.text "Click me" ]

You should either use this value somewhere, or remove it at the location I
pointed at.

────────────────────────────────────────────── tests/Design/ButtonTest.elm:35:25

(fix) NoUnused.Variables: `let in` variable `button` is not used

34|                     let
35|                         button =
                            ^^^^^^
36|                             Button.button Button.Outline [] [ Html.text "Click me" ]

You should either use this value somewhere, or remove it at the location I
pointed at.

────────────────────────────────────────────── tests/Design/ButtonTest.elm:42:25

(fix) NoUnused.Variables: `let in` variable `button` is not used

41|                     let
42|                         button =
                            ^^^^^^
43|                             Button.button Button.Ghost [] [ Html.text "Click me" ]

You should either use this value somewhere, or remove it at the location I
pointed at.

────────────────────────────────────────────── tests/Design/ButtonTest.elm:51:25

(fix) NoUnused.Variables: `let in` variable `button` is not used

50|                     let
51|                         button =
                            ^^^^^^
52|                             Button.button Button.Primary [ Button.small ] [ Html.text "Small" ]

You should either use this value somewhere, or remove it at the location I
pointed at.

────────────────────────────────────────────── tests/Design/ButtonTest.elm:58:25

(fix) NoUnused.Variables: `let in` variable `button` is not used

57|                     let
58|                         button =
                            ^^^^^^
59|                             Button.button Button.Primary [ Button.medium ] [ Html.text "Medium" ]

You should either use this value somewhere, or remove it at the location I
pointed at.

────────────────────────────────────────────── tests/Design/ButtonTest.elm:65:25

(fix) NoUnused.Variables: `let in` variable `button` is not used

64|                     let
65|                         button =
                            ^^^^^^
66|                             Button.button Button.Primary [ Button.large ] [ Html.text "Large" ]

You should either use this value somewhere, or remove it at the location I
pointed at.

────────────────────────────────────────────── tests/Design/ButtonTest.elm:74:25

(fix) NoUnused.Variables: `let in` variable `button` is not used

73|                     let
74|                         button =
                            ^^^^^^
75|                             Button.button Button.Primary [ Button.disabled ] [ Html.text "Disabled" ]

You should either use this value somewhere, or remove it at the location I
pointed at.

tests/Design/ButtonTest.elm  ↑
====o======================================================================o====
↓  tests/Design/CardTest.elm


-- ELM-REVIEW ERROR ---------------------------- tests/Design/CardTest.elm:15:21

(fix) NoUnused.Variables: `let in` variable `card` is not used

14|                 let
15|                     card =
                        ^^^^
16|                         Card.card [] [ Html.text "Card content" ]

You should either use this value somewhere, or remove it at the location I
pointed at.

──────────────────────────────────────────────── tests/Design/CardTest.elm:22:21

(fix) NoUnused.Variables: `let in` variable `card` is not used

21|                 let
22|                     card =
                        ^^^^
23|                         Card.card [ Card.header [ Html.text "Header" ] ] [ Html.text "Body" ]

You should either use this value somewhere, or remove it at the location I
pointed at.

──────────────────────────────────────────────── tests/Design/CardTest.elm:29:21

(fix) NoUnused.Variables: `let in` variable `card` is not used

28|                 let
29|                     card =
                        ^^^^
30|                         Card.card [ Card.footer [ Html.text "Footer" ] ] [ Html.text "Body" ]

You should either use this value somewhere, or remove it at the location I
pointed at.

──────────────────────────────────────────────── tests/Design/CardTest.elm:36:21

(fix) NoUnused.Variables: `let in` variable `card` is not used

35|                 let
36|                     card =
                        ^^^^
37|                         Card.card

You should either use this value somewhere, or remove it at the location I
pointed at.

tests/Design/CardTest.elm  ↑
====o======================================================================o====
↓  tests/Design/ContainerTest.elm


-- ELM-REVIEW ERROR ------------------------ tests/Design/ContainerTest.elm:4:32

(fix) NoUnused.Variables: Imported variable `spacing` is not used

3| import Design.Container as Container
4| import Design.Tokens exposing (spacing)
                                  ^^^^^^^
5| import Expect

You should either use this value somewhere, or remove it at the location I
pointed at.

─────────────────────────────────────────── tests/Design/ContainerTest.elm:16:21

(fix) NoUnused.Variables: `let in` variable `container` is not used

15|                 let
16|                     container =
                        ^^^^^^^^^
17|                         Container.container [] [ Html.text "Content" ]

You should either use this value somewhere, or remove it at the location I
pointed at.

─────────────────────────────────────────── tests/Design/ContainerTest.elm:23:21

(fix) NoUnused.Variables: `let in` variable `container` is not used

22|                 let
23|                     container =
                        ^^^^^^^^^
24|                         Container.container [] [ Html.text "Content" ]

You should either use this value somewhere, or remove it at the location I
pointed at.

─────────────────────────────────────────── tests/Design/ContainerTest.elm:30:21

(fix) NoUnused.Variables: `let in` variable `container` is not used

29|                 let
30|                     container =
                        ^^^^^^^^^
31|                         Container.container [] [ Html.text "Content" ]

You should either use this value somewhere, or remove it at the location I
pointed at.

─────────────────────────────────────────── tests/Design/ContainerTest.elm:37:21

(fix) NoUnused.Variables: `let in` variable `container` is not used

36|                 let
37|                     container =
                        ^^^^^^^^^
38|                         Container.container [] [ Html.text "Content" ]

You should either use this value somewhere, or remove it at the location I
pointed at.

─────────────────────────────────────────── tests/Design/ContainerTest.elm:45:25

(fix) NoUnused.Variables: `let in` variable `container` is not used

44|                     let
45|                         container =
                            ^^^^^^^^^
46|                             Container.container [ Container.mobile ] [ Html.text "Mobile" ]

You should either use this value somewhere, or remove it at the location I
pointed at.

─────────────────────────────────────────── tests/Design/ContainerTest.elm:52:25

(fix) NoUnused.Variables: `let in` variable `container` is not used

51|                     let
52|                         container =
                            ^^^^^^^^^
53|                             Container.container [ Container.tablet ] [ Html.text "Tablet" ]

You should either use this value somewhere, or remove it at the location I
pointed at.

─────────────────────────────────────────── tests/Design/ContainerTest.elm:59:25

(fix) NoUnused.Variables: `let in` variable `container` is not used

58|                     let
59|                         container =
                            ^^^^^^^^^
60|                             Container.container [ Container.desktop ] [ Html.text "Desktop" ]

You should either use this value somewhere, or remove it at the location I
pointed at.

─────────────────────────────────────────── tests/Design/ContainerTest.elm:66:25

(fix) NoUnused.Variables: `let in` variable `container` is not used

65|                     let
66|                         container =
                            ^^^^^^^^^
67|                             Container.container [ Container.wide ] [ Html.text "Wide" ]

You should either use this value somewhere, or remove it at the location I
pointed at.

─────────────────────────────────────────── tests/Design/ContainerTest.elm:73:25

(fix) NoUnused.Variables: `let in` variable `container` is not used

72|                     let
73|                         container =
                            ^^^^^^^^^
74|                             Container.container [ Container.full ] [ Html.text "Full" ]

You should either use this value somewhere, or remove it at the location I
pointed at.

tests/Design/ContainerTest.elm  ↑
====o======================================================================o====
↓  tests/Design/ProgressTest.elm


-- ELM-REVIEW ERROR ------------------------ tests/Design/ProgressTest.elm:14:21

(fix) NoUnused.Variables: `let in` variable `progress` is not used

13|                 let
14|                     progress =
                        ^^^^^^^^
15|                         Progress.progress [] 0

You should either use this value somewhere, or remove it at the location I
pointed at.

──────────────────────────────────────────── tests/Design/ProgressTest.elm:21:21

(fix) NoUnused.Variables: `let in` variable `progress` is not used

20|                 let
21|                     progress =
                        ^^^^^^^^
22|                         Progress.progress [] 50

You should either use this value somewhere, or remove it at the location I
pointed at.

──────────────────────────────────────────── tests/Design/ProgressTest.elm:28:21

(fix) NoUnused.Variables: `let in` variable `progress` is not used

27|                 let
28|                     progress =
                        ^^^^^^^^
29|                         Progress.progress [] 100

You should either use this value somewhere, or remove it at the location I
pointed at.

──────────────────────────────────────────── tests/Design/ProgressTest.elm:35:21

(fix) NoUnused.Variables: `let in` variable `progress` is not used

34|                 let
35|                     progress =
                        ^^^^^^^^
36|                         Progress.progress [ Progress.label "Loading..." ] 75

You should either use this value somewhere, or remove it at the location I
pointed at.

tests/Design/ProgressTest.elm  ↑
====o======================================================================o====
↓  tests/Design/SpinnerTest.elm


-- ELM-REVIEW ERROR ------------------------- tests/Design/SpinnerTest.elm:14:21

(fix) NoUnused.Variables: `let in` variable `spinner` is not used

13|                 let
14|                     spinner =
                        ^^^^^^^
15|                         Spinner.spinner []

You should either use this value somewhere, or remove it at the location I
pointed at.

───────────────────────────────────────────── tests/Design/SpinnerTest.elm:21:21

(fix) NoUnused.Variables: `let in` variable `spinner` is not used

20|                 let
21|                     spinner =
                        ^^^^^^^
22|                         Spinner.spinner [ Spinner.small ]

You should either use this value somewhere, or remove it at the location I
pointed at.

───────────────────────────────────────────── tests/Design/SpinnerTest.elm:28:21

(fix) NoUnused.Variables: `let in` variable `spinner` is not used

27|                 let
28|                     spinner =
                        ^^^^^^^
29|                         Spinner.spinner [ Spinner.medium ]

You should either use this value somewhere, or remove it at the location I
pointed at.

───────────────────────────────────────────── tests/Design/SpinnerTest.elm:35:21

(fix) NoUnused.Variables: `let in` variable `spinner` is not used

34|                 let
35|                     spinner =
                        ^^^^^^^
36|                         Spinner.spinner [ Spinner.large ]

You should either use this value somewhere, or remove it at the location I
pointed at.

tests/Design/SpinnerTest.elm  ↑
====o======================================================================o====
↓  tests/Design/TokensTest.elm


-- ELM-REVIEW ERROR --------------------------- tests/Design/TokensTest.elm:3:32

(fix) NoUnused.Variables: Imported type `ColorPalette` is not used

3| import Design.Tokens exposing (ColorPalette, Spacing, TypographyScale, colorPalette, spacing, typographyScale)
                                  ^^^^^^^^^^^^
4| import Expect

You should either use this value somewhere, or remove it at the location I
pointed at.

─────────────────────────────────────────────── tests/Design/TokensTest.elm:3:46

(fix) NoUnused.Variables: Imported type `Spacing` is not used

3| import Design.Tokens exposing (ColorPalette, Spacing, TypographyScale, colorPalette, spacing, typographyScale)
                                                ^^^^^^^
4| import Expect

You should either use this value somewhere, or remove it at the location I
pointed at.

─────────────────────────────────────────────── tests/Design/TokensTest.elm:3:55

(fix) NoUnused.Variables: Imported type `TypographyScale` is not used

3| import Design.Tokens exposing (ColorPalette, Spacing, TypographyScale, colorPalette, spacing, typographyScale)
                                                         ^^^^^^^^^^^^^^^
4| import Expect

You should either use this value somewhere, or remove it at the location I
pointed at.

Errors marked with (fix) can be fixed automatically using `elm-review --fix`.

I found 61 errors in 13 files.
[0m
[0m→ [0mRead conductor/code_styleguides/general.md
[0m→ [0mRead conductor/code_styleguides/html-css.md
[0m
[0m# [0mTodos
[x] Gather recent changes (git log, git diff, tracks, tech-debt)
[x] Review changed code files for correctness, style, tests, security, perf
[x] Run test suite
[x] Run lint/typecheck
[ ] Fix up to 5-7 lint/style issues
[ ] Note architectural problems in tech-debt.md
[ ] Commit fixes and report
[0m
Fixing 6 lint issues: unused `keyframesStyle` dead code, unnecessary `(..)` exports, and unused imports.
[0m← [0mEdit src/Design/Spinner.elm
Index: /home/daniel-bo/Desktop/ka-math-companion/src/Design/Spinner.elm
===================================================================
--- /home/daniel-bo/Desktop/ka-math-companion/src/Design/Spinner.elm
+++ /home/daniel-bo/Desktop/ka-math-companion/src/Design/Spinner.elm
@@ -70,10 +70,8 @@
             ++ "stroke-width:"
             ++ strokeWidth
             ++ ";"
 
-    keyframesStyle =
-        "@keyframes spin { from { transform: rotate(0deg); } to { transform: rotate(360deg); } }"
 in
 Html.div [ Html.Attributes.style "all" "initial", Html.Attributes.style "all" containerStyles ]
     [ Html.node "svg"
         [ Html.Attributes.attribute "viewBox" "0 0 24 24"

[0m
[0m← [0mEdit src/Design/Button.elm
Index: /home/daniel-bo/Desktop/ka-math-companion/src/Design/Button.elm
===================================================================
--- /home/daniel-bo/Desktop/ka-math-companion/src/Design/Button.elm
+++ /home/daniel-bo/Desktop/ka-math-companion/src/Design/Button.elm
@@ -1,8 +1,8 @@
 module Design.Button exposing
     ( Variant(..)
-    , Size(..)
-    , Attr(..)
+    , Size
+    , Attr
     , button
     , primary
     , secondary
     , outline

[0m
[0m← [0mEdit src/Design/Container.elm
Index: /home/daniel-bo/Desktop/ka-math-companion/src/Design/Container.elm
===================================================================
--- /home/daniel-bo/Desktop/ka-math-companion/src/Design/Container.elm
+++ /home/daniel-bo/Desktop/ka-math-companion/src/Design/Container.elm
@@ -1,7 +1,7 @@
 module Design.Container exposing
-    ( Width(..)
-    , Attr(..)
+    ( Width
+    , Attr
     , container
     , mobile
     , tablet
     , desktop

[0m
[0m← [0mEdit tests/Design/ButtonTest.elm
Index: /home/daniel-bo/Desktop/ka-math-companion/tests/Design/ButtonTest.elm
===================================================================
--- /home/daniel-bo/Desktop/ka-math-companion/tests/Design/ButtonTest.elm
+++ /home/daniel-bo/Desktop/ka-math-companion/tests/Design/ButtonTest.elm
@@ -1,17 +1,12 @@
 module Design.ButtonTest exposing (suite)
 
 import Design.Button as Button
-import Design.Tokens exposing (ColorPalette, colorPalette, spacing)
 import Expect
 import Html
 import Test
 
 
-type alias Msg =
-    ()
-
-
 suite : Test.Test
 suite =
     Test.describe "Design.Button"
         [ Test.describe "variants"

[0m
[0m← [0mEdit tests/Design/TokensTest.elm
Index: /home/daniel-bo/Desktop/ka-math-companion/tests/Design/TokensTest.elm
===================================================================
--- /home/daniel-bo/Desktop/ka-math-companion/tests/Design/TokensTest.elm
+++ /home/daniel-bo/Desktop/ka-math-companion/tests/Design/TokensTest.elm
@@ -1,7 +1,7 @@
 module Design.TokensTest exposing (suite)
 
-import Design.Tokens exposing (ColorPalette, Spacing, TypographyScale, colorPalette, spacing, typographyScale)
+import Design.Tokens exposing (colorPalette, spacing, typographyScale)
 import Expect
 import Test
 
 

[0m
[0m← [0mEdit tests/Design/ContainerTest.elm
Index: /home/daniel-bo/Desktop/ka-math-companion/tests/Design/ContainerTest.elm
===================================================================
--- /home/daniel-bo/Desktop/ka-math-companion/tests/Design/ContainerTest.elm
+++ /home/daniel-bo/Desktop/ka-math-companion/tests/Design/ContainerTest.elm
@@ -1,8 +1,7 @@
 module Design.ContainerTest exposing (suite)
 
 import Design.Container as Container
-import Design.Tokens exposing (spacing)
 import Expect
 import Html
 import Test
 

[0m
Now update tech-debt.md with the critical architectural issue.
[0m← [0mEdit conductor/tech-debt.md
Index: /home/daniel-bo/Desktop/ka-math-companion/conductor/tech-debt.md
===================================================================
--- /home/daniel-bo/Desktop/ka-math-companion/conductor/tech-debt.md
+++ /home/daniel-bo/Desktop/ka-math-companion/conductor/tech-debt.md
@@ -13,4 +13,8 @@
 | 2026-01-01 | example_track | Example: Hardcoded timeout value | Low | Resolved | Replaced with config value in v1.2 |
 | 2026-04-14 | design-system | Duplicated findUnit in Unit_.elm and Lesson_.elm | Low | Open | Extract to shared Curriculum module |
 | 2026-04-14 | lesson-content | No page-level tests for Unit_ and Lesson_ views | Medium | Open | Only data model tests exist, no Html render tests |
 | 2026-04-23 | design-system | Design token hardcoded values | Low | Resolved | Design.Tokens module now provides centralized token values |
+| 2026-04-24 | design-system | All components use `style "all" cssString` — styles never applied | Critical | Open | `Html.Attributes.style` takes property+value, not raw CSS. Use `attribute "style" str` or individual `style` calls. Affects Button, Card, Badge, Alert, Progress, Spinner, Container |
+| 2026-04-24 | design-system | Spinner `@keyframes` animation never injected into DOM | Medium | Open | `keyframesStyle` was dead code; animation won't work without a `<style>` node injection |
+| 2026-04-24 | design-system | Card.elm double semicolons in headerStyles/footerStyles (lines 43,47) | Low | Open | `++;` creates `;;` in CSS string — cosmetic, browsers tolerate it |
+| 2026-04-24 | design-system | Progress component does not clamp percentage to 0-100 | Low | Open | Negative or >100 values produce invalid CSS width |

[0m
Now run tests and lint to verify the fixes.
[0m$ [0mnpx elm-test 2>&1
CompilingCompiling > Starting tests

elm-test 0.19.1-revision17
--------------------------

Running 95 tests. To reproduce these results, run: elm-test --fuzz 100 --seed 241040605464852


TEST RUN PASSED

Duration: 330 ms
Passed:   95
Failed:   0
[0m
[0m$ [0mnpx elm-review 2>&1 | tail -5
pointed at.

Errors marked with (fix) can be fixed automatically using `elm-review --fix`.

I found 50 errors in 11 files.
[0m
[0m# [0mTodos
[x] Gather recent changes (git log, git diff, tracks, tech-debt)
[x] Review changed code files for correctness, style, tests, security, perf
[x] Run test suite
[x] Run lint/typecheck
[x] Fix up to 5-7 lint/style issues
[x] Note architectural problems in tech-debt.md
[ ] Commit fixes and report
[0m
Tests pass. elm-review reduced from 61 to 50 errors (11 fixed). Remaining errors are intentional public API exports and unused `let` bindings in smoke tests — not worth auto-fixing.
[0m$ [0mgit add src/Design/Spinner.elm src/Design/Button.elm src/Design/Container.elm tests/Design/ButtonTest.elm tests/Design/TokensTest.elm tests/Design/ContainerTest.elm conductor/tech-debt.md && git commit -m "chore(review): fix 6 lint/style issues, note architectural debt in tech-debt"
[feat/30-render-curriculum-overview-page ed0fab2] chore(review): fix 6 lint/style issues, note architectural debt in tech-debt
 7 files changed, 9 insertions(+), 13 deletions(-)
[0m
[0m# [0mTodos
[x] Gather recent changes (git log, git diff, tracks, tech-debt)
[x] Review changed code files for correctness, style, tests, security, perf
[x] Run test suite
[x] Run lint/typecheck
[x] Fix up to 5-7 lint/style issues
[x] Note architectural problems in tech-debt.md
[x] Commit fixes and report
[0m
---

## Code Review Report — Past 24 Hours

### Files Reviewed (17)
**Source (8):** `Tokens.elm`, `Button.elm`, `Card.elm`, `Badge.elm`, `Alert.elm`, `Progress.elm`, `Spinner.elm`, `Container.elm`
**Tests (8):** Corresponding test for each module + `IntegratedMath3Test.elm`
**Docs (1):** `tech-debt.md`

### Tests: **95/95 PASSED**

### Issues Found & Fixed (6)
| # | File | Fix |
|---|------|-----|
| 1 | `Spinner.elm:74` | Removed dead `keyframesStyle` variable |
| 2 | `Button.elm:3-4` | Removed `(..)` from `Size`/`Attr` exports |
| 3 | `Container.elm:2-3` | Removed `(..)` from `Width`/`Attr` exports |
| 4 | `ButtonTest.elm:4,10-11` | Removed unused imports (`ColorPalette`, `colorPalette`, `spacing`) and dead `Msg` alias |
| 5 | `TokensTest.elm:3` | Removed unused type imports (`ColorPalette`, `Spacing`, `TypographyScale`) |
| 6 | `ContainerTest.elm:4` | Removed unused `spacing` import |

elm-review: **61 → 50 errors** (11 fixed). Remaining are intentional public API exports and unused `let` bindings in smoke tests.

### Architectural Concerns → tech-debt.md

| Severity | Issue |
|----------|-------|
| **Critical** | All 7 components use `style "all" cssString` — `Html.Attributes.style` takes property+value, not raw CSS. **No visual styles are applied in the browser.** Fix: use `Html.Attributes.attribute "style" str` or individual `style` calls. |
| Medium | Spinner `@keyframes` animation never injected into DOM — spinning won't work |
| Low | `Card.elm` has double semicolons (`;;`) in headerStyles/footerStyles |
| Low | `Progress.elm` doesn't clamp percentage to 0–100 |
